123 | 1.230000 | hello
Hello, Jason
Repeater: `hello`
Deref: h
aallo
aallo
aallo
15
5
50
2
0
-11
-10
false
true
false
dropped: aallo
