1
2
3
1.000000
1.230000
1.330000
hello
world
test
a
b
c
