1000
1000
1000
1000
1000
1.000000
51.320000
3.141592
true -> 1 | false -> 0
a
hello
