if true
if true else
if false else
countering
0
1
2
3
for countering
0
1
2
3
4
